<?xml version="1.0"?>
<testsuites>
  <testsuite name="Chrome 31.0.1650 (Windows 7)" package="undefined" timestamp="2014-01-10T19:26:34" id="0" hostname="TomsonNgassaPC" tests="4" errors="0" failures="0" time="0.031">
    <properties>
      <property name="browser.fullName" value="Mozilla/5.0 (Windows NT 6.1; WOW64) AppleWebKit/537.36 (KHTML, like Gecko) Chrome/31.0.1650.63 Safari/537.36"/>
    </properties>
    <testcase name="It should create todo model with 2 todos" time="0.031" classname="Chrome 31.0.1650 (Windows 7).Todo controllers TodoCtrl"/>
    <testcase name="It should have 2 todos" time="0" classname="Chrome 31.0.1650 (Windows 7).Todo controllers TodoCtrl"/>
    <testcase name="It should add a new todo" time="0" classname="Chrome 31.0.1650 (Windows 7).Todo controllers TodoCtrl"/>
    <testcase name="It should one remaining todo" time="0" classname="Chrome 31.0.1650 (Windows 7).Todo controllers TodoCtrl"/>
    <system-out><![CDATA[Chrome 31.0.1650 (Windows 7) LOG: LOG
 'ok'
]]></system-out>
    <system-err/>
  </testsuite>
</testsuites>
